2026-07-05 17:42:14,508 | INFO | ============================================================
2026-07-05 17:42:14,508 | INFO | JNAS UPDATER
2026-07-05 17:42:14,509 | INFO | ============================================================
2026-07-05 17:42:14,509 | INFO | Version : 1.0
2026-07-05 17:42:14,509 | INFO | Project : JNAS_OSV2
2026-07-05 17:42:14,509 | INFO | Files   : 1
2026-07-05 17:42:14,509 | INFO | Creating : test.txt
2026-07-05 17:42:14,509 | INFO | 
2026-07-05 17:42:14,509 | INFO | Update Finished Successfully
2026-07-05 17:43:38,404 | INFO | ============================================================
2026-07-05 17:43:38,404 | INFO | JNAS UPDATER
2026-07-05 17:43:38,404 | INFO | ============================================================
2026-07-05 17:43:38,404 | INFO | Version : 2.0
2026-07-05 17:43:38,405 | INFO | Project : JNAS_OSV2
2026-07-05 17:43:38,405 | INFO | Files   : 3
2026-07-05 17:43:38,405 | INFO | Creating : demo/file1.txt
2026-07-05 17:43:38,405 | INFO | Creating : demo/file2.txt
2026-07-05 17:43:38,405 | INFO | Creating : demo/file3.txt
2026-07-05 17:43:38,405 | INFO | 
2026-07-05 17:43:38,405 | INFO | Update Finished Successfully
2026-07-05 17:44:07,969 | INFO | ============================================================
2026-07-05 17:44:07,970 | INFO | JNAS UPDATER
2026-07-05 17:44:07,970 | INFO | ============================================================
2026-07-05 17:44:07,970 | INFO | Version : 2.0
2026-07-05 17:44:07,970 | INFO | Project : JNAS_OSV2
2026-07-05 17:44:07,970 | INFO | Files   : 3
2026-07-05 17:44:07,971 | INFO | Updating : demo/file1.txt
2026-07-05 17:44:07,971 | INFO | Updating : demo/file2.txt
2026-07-05 17:44:07,971 | INFO | Updating : demo/file3.txt
2026-07-05 17:44:07,971 | INFO | 
2026-07-05 17:44:07,971 | INFO | Update Finished Successfully
