2026-07-05 18:16:10,054 | INFO | ======================================================================
2026-07-05 18:16:10,054 | INFO | JNAS UPDATER V2
2026-07-05 18:16:10,054 | INFO | ======================================================================
2026-07-05 18:16:10,055 | INFO | Project : JNAS_OSV2
2026-07-05 18:16:10,055 | INFO | Version : 2.0
2026-07-05 18:16:10,055 | INFO | Files : 3
2026-07-05 18:16:10,055 | INFO | 
2026-07-05 18:16:10,055 | INFO | [1/3] demo/file1.txt
2026-07-05 18:16:10,055 | INFO | Creating...
2026-07-05 18:16:10,055 | INFO | Done
2026-07-05 18:16:10,055 | INFO | 
2026-07-05 18:16:10,055 | INFO | [2/3] demo/file2.txt
2026-07-05 18:16:10,055 | INFO | Creating...
2026-07-05 18:16:10,055 | INFO | Done
2026-07-05 18:16:10,055 | INFO | 
2026-07-05 18:16:10,055 | INFO | [3/3] demo/file3.txt
2026-07-05 18:16:10,055 | INFO | Creating...
2026-07-05 18:16:10,056 | INFO | Done
2026-07-05 18:16:10,056 | INFO | 
2026-07-05 18:16:10,056 | INFO | Finished
2026-07-05 18:16:10,056 | INFO | 
2026-07-05 18:16:10,056 | INFO | ======================================================================
2026-07-05 18:16:10,056 | INFO | JNAS PROJECT UPDATER
2026-07-05 18:16:10,056 | INFO | ======================================================================
2026-07-05 18:16:10,056 | INFO | 
2026-07-05 18:16:10,056 | INFO | [1/3] demo/file1.txt
2026-07-05 18:16:10,056 | INFO | No Changes
2026-07-05 18:16:10,056 | INFO | 
2026-07-05 18:16:10,056 | INFO | [2/3] demo/file2.txt
2026-07-05 18:16:10,056 | INFO | No Changes
2026-07-05 18:16:10,056 | INFO | 
2026-07-05 18:16:10,056 | INFO | [3/3] demo/file3.txt
2026-07-05 18:16:10,056 | INFO | No Changes
2026-07-05 18:16:10,056 | INFO | 
2026-07-05 18:16:10,056 | INFO | ======================================================================
2026-07-05 18:16:10,056 | INFO | SUMMARY
2026-07-05 18:16:10,056 | INFO | ======================================================================
2026-07-05 18:16:10,056 | INFO | Project : JNAS_OSV2
2026-07-05 18:16:10,056 | INFO | Version : 2.0
2026-07-05 18:16:10,056 | INFO | Files : 3
2026-07-05 18:16:10,056 | INFO | ======================================================================
2026-07-05 18:16:10,056 | INFO | 
2026-07-05 18:16:10,056 | INFO | Verifying Files...
2026-07-05 18:16:10,056 | INFO | OK : demo/file1.txt
2026-07-05 18:16:10,057 | INFO | OK : demo/file2.txt
2026-07-05 18:16:10,057 | INFO | OK : demo/file3.txt
2026-07-05 18:16:10,057 | INFO | 
2026-07-05 18:16:10,057 | INFO | Release Applied Successfully
2026-07-05 18:16:10,057 | INFO | requirements.txt detected
2026-07-05 18:16:10,057 | INFO | Run manually:
2026-07-05 18:16:10,057 | INFO | pip install -r requirements.txt
2026-07-05 18:16:10,057 | INFO | 
2026-07-05 18:16:10,057 | INFO | Post Tasks
2026-07-05 18:16:10,057 | INFO | .gitignore found
2026-07-05 18:16:10,057 | INFO | 
2026-07-05 18:16:10,057 | INFO | ======================================================================
2026-07-05 18:16:10,057 | INFO | REPORT
2026-07-05 18:16:10,057 | INFO | ======================================================================
2026-07-05 18:16:10,057 | INFO | Project : JNAS_OSV2
2026-07-05 18:16:10,057 | INFO | Version : 2.0
2026-07-05 18:16:10,057 | INFO | Files : 3
2026-07-05 18:16:10,057 | INFO | ======================================================================
2026-07-05 18:16:10,057 | INFO | demo/file1.txt
2026-07-05 18:16:10,057 | INFO | demo/file2.txt
2026-07-05 18:16:10,057 | INFO | demo/file3.txt
2026-07-05 18:16:10,057 | INFO | ======================================================================
2026-07-05 18:16:10,057 | INFO | ======================================================================
2026-07-05 18:16:10,057 | INFO | UPDATE COMPLETE
2026-07-05 18:16:10,057 | INFO | ======================================================================
